// Jest Snapshot v1, https://goo.gl/fbAQLP

exports[`Control.vue matches snapshot 1`] = `<div class="control"><input type="text"></div>`;
