// Jest Snapshot v1, https://goo.gl/fbAQLP

exports[`Field.vue matches snapshot 1`] = `<div class="field"></div>`;
