// Jest Snapshot v1, https://goo.gl/fbAQLP

exports[`Breadcrumb.vue matches snapshot 1`] = `
<nav class="breadcrumb breadcrumb">
    <ul></ul>
</nav>
`;
