// Jest Snapshot v1, https://goo.gl/fbAQLP

exports[`Card.vue matches snapshot 1`] = `
<div class="card">
    <div class="card-content"></div>
</div>
`;
