// Jest Snapshot v1, https://goo.gl/fbAQLP

exports[`MenuLabel.vue matches snapshot 1`] = `<p class="menu-label"></p>`;
