// Jest Snapshot v1, https://goo.gl/fbAQLP

exports[`Menu.vue matches snapshot 1`] = `<aside class="menu"></aside>`;
