// Jest Snapshot v1, https://goo.gl/fbAQLP

exports[`PanelBlock.vue matches snapshot 1`] = `<div class="panel-block"></div>`;
