// Jest Snapshot v1, https://goo.gl/fbAQLP

exports[`Box.vue matches snapshot 1`] = `<div class="box"></div>`;
