// Jest Snapshot v1, https://goo.gl/fbAQLP

exports[`Delete.vue matches snapshot 1`] = `<a class="delete"></a>`;
