// Jest Snapshot v1, https://goo.gl/fbAQLP

exports[`Notification.vue matches snapshot 1`] = `<div class="notification"></div>`;
