// Jest Snapshot v1, https://goo.gl/fbAQLP

exports[`Progress.vue matches snapshot 1`] = `<progress max="100" class="progress">undefined%</progress>`;
