// Jest Snapshot v1, https://goo.gl/fbAQLP

exports[`Subtitle.vue matches snapshot 1`] = `<h1 class="subtitle"></h1>`;
