// Jest Snapshot v1, https://goo.gl/fbAQLP

exports[`Table.vue matches snapshot 1`] = `<table class="table"></table>`;
