// Jest Snapshot v1, https://goo.gl/fbAQLP

exports[`TableRow.vue matches snapshot 1`] = `<tr></tr>`;
