// Jest Snapshot v1, https://goo.gl/fbAQLP

exports[`Image.vue matches snapshot 1`] = `<figure class="image"><img></figure>`;
