// Jest Snapshot v1, https://goo.gl/fbAQLP

exports[`Tag.vue matches snapshot 1`] = `<span class="tag"></span>`;
