// Jest Snapshot v1, https://goo.gl/fbAQLP

exports[`Tags.vue matches snapshot 1`] = `<span class="tags"></span>`;
