// Jest Snapshot v1, https://goo.gl/fbAQLP

exports[`Title.vue matches snapshot 1`] = `<h1 class="title"></h1>`;
