// Jest Snapshot v1, https://goo.gl/fbAQLP

exports[`Section.vue matches snapshot 1`] = `<section class="section is-undefined"></section>`;
