// Jest Snapshot v1, https://goo.gl/fbAQLP

exports[`Tile.vue matches snapshot 1`] = `<!---->`;
