// Jest Snapshot v1, https://goo.gl/fbAQLP

exports[`Column.vue matches snapshot: {"narrow":true} 1`] = `"<div data-server-rendered=\\"true\\" class=\\"column is-narrow\\"><p>content</p></div>"`;

exports[`Column.vue matches snapshot: {"narrow.mobile":true,"narrow.desktop":true} 1`] = `"<div data-server-rendered=\\"true\\" class=\\"column\\"><p>content</p></div>"`;

exports[`Column.vue matches snapshot: {"narrow.mobile":true} 1`] = `"<div data-server-rendered=\\"true\\" class=\\"column\\"><p>content</p></div>"`;

exports[`Column.vue matches snapshot: {"offset":"half","offset$mobile":3} 1`] = `"<div data-server-rendered=\\"true\\" class=\\"column is-offset-half is-offset-3-mobile\\"><p>content</p></div>"`;

exports[`Column.vue matches snapshot: {"offset":"half"} 1`] = `"<div data-server-rendered=\\"true\\" class=\\"column is-offset-half\\"><p>content</p></div>"`;

exports[`Column.vue matches snapshot: {"offset":2} 1`] = `"<div data-server-rendered=\\"true\\" class=\\"column is-offset-2\\"><p>content</p></div>"`;

exports[`Column.vue matches snapshot: {"size":"half","size$mobile":12} 1`] = `"<div data-server-rendered=\\"true\\" class=\\"column is-half is-12-mobile\\"><p>content</p></div>"`;

exports[`Column.vue matches snapshot: {"size":"half"} 1`] = `"<div data-server-rendered=\\"true\\" class=\\"column is-half\\"><p>content</p></div>"`;

exports[`Column.vue matches snapshot: {"size":3} 1`] = `"<div data-server-rendered=\\"true\\" class=\\"column is-3\\"><p>content</p></div>"`;

exports[`Column.vue matches snapshot: {} 1`] = `"<div data-server-rendered=\\"true\\" class=\\"column\\"><p>content</p></div>"`;
