// Jest Snapshot v1, https://goo.gl/fbAQLP

exports[`Message.vue matches snapshot 1`] = `<span class="message"><div class="message-body"></div></span>`;
