// Jest Snapshot v1, https://goo.gl/fbAQLP

exports[`Modal.vue matches snapshot 1`] = `<!---->`;
